Running method: src/active_learning/active_learning_mixed_entropy_sampling.py
CUDA: True
NVIDIA A100-SXM4-40GB

===== ROUND 0 | actor_mixed_entropy =====
Labeled pool size: 100
Unlabeled pool size: 4604

Starting training...
{'loss': '0.4608', 'grad_norm': '4.1', 'learning_rate': '1.815e-05', 'epoch': '1'}
{'eval_loss': '0.3968', 'eval_accuracy': '0.869', 'eval_macro_f1': '0.465', 'eval_weighted_f1': '0.8082', 'eval_runtime': '1.929', 'eval_samples_per_second': '522.4', 'eval_steps_per_second': '65.3', 'epoch': '1'}
{'loss': '0.265', 'grad_norm': '1.22', 'learning_rate': '1.615e-05', 'epoch': '2'}
{'eval_loss': '0.4443', 'eval_accuracy': '0.869', 'eval_macro_f1': '0.465', 'eval_weighted_f1': '0.8082', 'eval_runtime': '1.977', 'eval_samples_per_second': '509.9', 'eval_steps_per_second': '63.74', 'epoch': '2'}
{'loss': '0.2708', 'grad_norm': '10.44', 'learning_rate': '1.415e-05', 'epoch': '3'}
{'eval_loss': '0.4628', 'eval_accuracy': '0.869', 'eval_macro_f1': '0.465', 'eval_weighted_f1': '0.8082', 'eval_runtime': '1.921', 'eval_samples_per_second': '524.8', 'eval_steps_per_second': '65.6', 'epoch': '3'}
{'train_runtime': '10.88', 'train_samples_per_second': '91.88', 'train_steps_per_second': '11.94', 'train_loss': '0.3322', 'epoch': '3'}

Evaluating on dev set...

Evaluating on test set...

Dev results:
{'eval_loss': 0.3967621326446533, 'eval_accuracy': 0.8690476190476191, 'eval_macro_f1': 0.46496815286624205, 'eval_weighted_f1': 0.8081589323627539, 'eval_runtime': 1.9228, 'eval_samples_per_second': 524.229, 'eval_steps_per_second': 65.529, 'epoch': 3.0}

Test results:
{'eval_loss': 0.3942553699016571, 'eval_accuracy': 0.8690476190476191, 'eval_macro_f1': 0.46496815286624205, 'eval_weighted_f1': 0.8081589323627539, 'eval_runtime': 1.9234, 'eval_samples_per_second': 524.067, 'eval_steps_per_second': 65.508, 'epoch': 3.0}
