Running method: src/active_learning/active_learning_vote_variance_sampling.py
CUDA: True
NVIDIA A40

===== ROUND 0 | actor_vote_variance =====
Labeled pool size: 100
Unlabeled pool size: 4604

Starting training...
{'loss': '0.4982', 'grad_norm': '3.905', 'learning_rate': '1.815e-05', 'epoch': '1'}
{'eval_loss': '0.4048', 'eval_accuracy': '0.869', 'eval_macro_f1': '0.465', 'eval_weighted_f1': '0.8082', 'eval_runtime': '1.94', 'eval_samples_per_second': '519.7', 'eval_steps_per_second': '64.96', 'epoch': '1'}
{'loss': '0.2683', 'grad_norm': '1.94', 'learning_rate': '1.615e-05', 'epoch': '2'}
{'eval_loss': '0.4181', 'eval_accuracy': '0.869', 'eval_macro_f1': '0.465', 'eval_weighted_f1': '0.8082', 'eval_runtime': '1.964', 'eval_samples_per_second': '513.2', 'eval_steps_per_second': '64.15', 'epoch': '2'}
{'loss': '0.2454', 'grad_norm': '10.6', 'learning_rate': '1.415e-05', 'epoch': '3'}
{'eval_loss': '0.4432', 'eval_accuracy': '0.869', 'eval_macro_f1': '0.465', 'eval_weighted_f1': '0.8082', 'eval_runtime': '1.932', 'eval_samples_per_second': '521.8', 'eval_steps_per_second': '65.22', 'epoch': '3'}
{'train_runtime': '12.12', 'train_samples_per_second': '82.52', 'train_steps_per_second': '10.73', 'train_loss': '0.3373', 'epoch': '3'}

Evaluating on dev set...

Evaluating on test set...

Dev results:
{'eval_loss': 0.4048340618610382, 'eval_accuracy': 0.8690476190476191, 'eval_macro_f1': 0.46496815286624205, 'eval_weighted_f1': 0.8081589323627539, 'eval_runtime': 1.9362, 'eval_samples_per_second': 520.6, 'eval_steps_per_second': 65.075, 'epoch': 3.0}

Test results:
{'eval_loss': 0.4013262093067169, 'eval_accuracy': 0.8690476190476191, 'eval_macro_f1': 0.46496815286624205, 'eval_weighted_f1': 0.8081589323627539, 'eval_runtime': 1.9266, 'eval_samples_per_second': 523.204, 'eval_steps_per_second': 65.4, 'epoch': 3.0}
