Warning: You are sending unauthenticated requests to the HF Hub. Please set a HF_TOKEN to enable higher rate limits and faster downloads.
Map:   0%|          | 0/100 [00:00<?, ? examples/s]Map: 100%|██████████| 100/100 [00:00<00:00, 7568.76 examples/s]
Map:   0%|          | 0/1008 [00:00<?, ? examples/s]Map: 100%|██████████| 1008/1008 [00:00<00:00, 11752.64 examples/s]
Map:   0%|          | 0/1008 [00:00<?, ? examples/s]Map: 100%|██████████| 1008/1008 [00:00<00:00, 11815.27 examples/s]
Loading weights:   0%|          | 0/199 [00:00<?, ?it/s]Loading weights: 100%|██████████| 199/199 [00:00<00:00, 11886.79it/s]
[1mBertModel LOAD REPORT[0m from: bert-base-uncased
Key                                        | Status     |  | 
-------------------------------------------+------------+--+-
cls.predictions.transform.LayerNorm.weight | UNEXPECTED |  | 
cls.seq_relationship.bias                  | UNEXPECTED |  | 
cls.predictions.transform.dense.weight     | UNEXPECTED |  | 
cls.seq_relationship.weight                | UNEXPECTED |  | 
cls.predictions.transform.dense.bias       | UNEXPECTED |  | 
cls.predictions.transform.LayerNorm.bias   | UNEXPECTED |  | 
cls.predictions.bias                       | UNEXPECTED |  | 

[3mNotes:
- UNEXPECTED[3m	:can be ignored when loading from different task/architecture; not ok if you expect identical arch.[0m
Traceback (most recent call last):
  File "/gpfs/bwfor/home/tu/tu_tu/tu_zxope51/ACTORrep/src/active_learning/active_learning_vote_variance_sampling.py", line 9, in <module>
    run_active_learning(
    ~~~~~~~~~~~~~~~~~~~^
        method_name="actor_vote_variance",
        ^^^^^^^^^^^^^^^^^^^^^^^^^^^^^^^^^^
    ...<8 lines>...
        include_annotator=True,
        ^^^^^^^^^^^^^^^^^^^^^^^
    )
    ^
  File "/gpfs/bwfor/home/tu/tu_tu/tu_zxope51/ACTORrep/src/active_learning/run_active_learning.py", line 94, in run_active_learning
    trainer, dev_results, test_results = train_multitask_model(
                                         ~~~~~~~~~~~~~~~~~~~~~^
        train_dataset=train_dataset,
        ^^^^^^^^^^^^^^^^^^^^^^^^^^^^
    ...<3 lines>...
        output_dir=f"{output_dir_base}/round_{round_id}",
        ^^^^^^^^^^^^^^^^^^^^^^^^^^^^^^^^^^^^^^^^^^^^^^^^^
    )
    ^
  File "/gpfs/bwfor/home/tu/tu_tu/tu_zxope51/ACTORrep/src/training/train_multitask.py", line 67, in train_multitask_model
    training_args = TrainingArguments(
        output_dir=output_dir,
    ...<11 lines>...
        report_to="none"
    )
  File "<string>", line 112, in __init__
  File "/gpfs/bwfor/home/tu/tu_tu/tu_zxope51/ACTORrep/venv/lib/python3.13/site-packages/transformers/training_args.py", line 1528, in __post_init__
    self._validate_args()
    ~~~~~~~~~~~~~~~~~~~^^
  File "/gpfs/bwfor/home/tu/tu_tu/tu_zxope51/ACTORrep/venv/lib/python3.13/site-packages/transformers/training_args.py", line 1659, in _validate_args
    raise ValueError(
    ...<2 lines>...
    )
ValueError: --load_best_model_at_end requires the save and eval strategy to match, but found
- Evaluation strategy: IntervalStrategy.EPOCH
- Save strategy: SaveStrategy.NO
