Running method: src/active_learning/active_learning_individual_entropy.py
CUDA: True
NVIDIA A40

===== ROUND 0 | actor_individual_entropy =====
Labeled pool size: 100
Unlabeled pool size: 4604

Starting training...
{'loss': '0.5088', 'grad_norm': '3.785', 'learning_rate': '1.815e-05', 'epoch': '1'}
{'eval_loss': '0.401', 'eval_accuracy': '0.869', 'eval_macro_f1': '0.465', 'eval_weighted_f1': '0.8082', 'eval_runtime': '1.943', 'eval_samples_per_second': '518.7', 'eval_steps_per_second': '64.84', 'epoch': '1'}
{'loss': '0.2701', 'grad_norm': '1.465', 'learning_rate': '1.615e-05', 'epoch': '2'}
{'eval_loss': '0.4364', 'eval_accuracy': '0.869', 'eval_macro_f1': '0.465', 'eval_weighted_f1': '0.8082', 'eval_runtime': '1.94', 'eval_samples_per_second': '519.7', 'eval_steps_per_second': '64.96', 'epoch': '2'}
{'loss': '0.2358', 'grad_norm': '24.7', 'learning_rate': '1.415e-05', 'epoch': '3'}
{'eval_loss': '0.4447', 'eval_accuracy': '0.869', 'eval_macro_f1': '0.465', 'eval_weighted_f1': '0.8082', 'eval_runtime': '1.941', 'eval_samples_per_second': '519.2', 'eval_steps_per_second': '64.91', 'epoch': '3'}
{'train_runtime': '12.71', 'train_samples_per_second': '78.69', 'train_steps_per_second': '10.23', 'train_loss': '0.3383', 'epoch': '3'}

Evaluating on dev set...

Evaluating on test set...

Dev results:
{'eval_loss': 0.4010353684425354, 'eval_accuracy': 0.8690476190476191, 'eval_macro_f1': 0.46496815286624205, 'eval_weighted_f1': 0.8081589323627539, 'eval_runtime': 1.9403, 'eval_samples_per_second': 519.518, 'eval_steps_per_second': 64.94, 'epoch': 3.0}

Test results:
{'eval_loss': 0.40339750051498413, 'eval_accuracy': 0.8690476190476191, 'eval_macro_f1': 0.46496815286624205, 'eval_weighted_f1': 0.8081589323627539, 'eval_runtime': 1.9453, 'eval_samples_per_second': 518.178, 'eval_steps_per_second': 64.772, 'epoch': 3.0}
