Running method: src/active_learning/active_learning_random.py
CUDA: True
NVIDIA A40

===== ROUND 0 | random_sampling =====
Labeled pool size: 100
Unlabeled pool size: 4604

Starting training...
{'loss': '0.5219', 'grad_norm': '3.747', 'learning_rate': '1.815e-05', 'epoch': '1'}
{'eval_loss': '0.3825', 'eval_accuracy': '0.869', 'eval_macro_f1': '0.465', 'eval_weighted_f1': '0.8082', 'eval_runtime': '2.053', 'eval_samples_per_second': '491', 'eval_steps_per_second': '61.37', 'epoch': '1'}
{'loss': '0.2695', 'grad_norm': '1.656', 'learning_rate': '1.615e-05', 'epoch': '2'}
{'eval_loss': '0.432', 'eval_accuracy': '0.869', 'eval_macro_f1': '0.465', 'eval_weighted_f1': '0.8082', 'eval_runtime': '1.957', 'eval_samples_per_second': '515.1', 'eval_steps_per_second': '64.39', 'epoch': '2'}
{'loss': '0.2521', 'grad_norm': '10.36', 'learning_rate': '1.415e-05', 'epoch': '3'}
{'eval_loss': '0.4642', 'eval_accuracy': '0.869', 'eval_macro_f1': '0.465', 'eval_weighted_f1': '0.8082', 'eval_runtime': '1.952', 'eval_samples_per_second': '516.4', 'eval_steps_per_second': '64.55', 'epoch': '3'}
{'train_runtime': '14.5', 'train_samples_per_second': '68.98', 'train_steps_per_second': '8.967', 'train_loss': '0.3478', 'epoch': '3'}

Evaluating on dev set...

Evaluating on test set...

Dev results:
{'eval_loss': 0.3825299143791199, 'eval_accuracy': 0.8690476190476191, 'eval_macro_f1': 0.46496815286624205, 'eval_weighted_f1': 0.8081589323627539, 'eval_runtime': 1.9529, 'eval_samples_per_second': 516.162, 'eval_steps_per_second': 64.52, 'epoch': 3.0}

Test results:
{'eval_loss': 0.3786143362522125, 'eval_accuracy': 0.8690476190476191, 'eval_macro_f1': 0.46496815286624205, 'eval_weighted_f1': 0.8081589323627539, 'eval_runtime': 1.9568, 'eval_samples_per_second': 515.131, 'eval_steps_per_second': 64.391, 'epoch': 3.0}

===== ROUND 1 | random_sampling =====
Labeled pool size: 130
Unlabeled pool size: 4574

Starting training...
{'loss': '0.4385', 'grad_norm': '3.926', 'learning_rate': '1.812e-05', 'epoch': '1'}
{'eval_loss': '0.3941', 'eval_accuracy': '0.869', 'eval_macro_f1': '0.465', 'eval_weighted_f1': '0.8082', 'eval_runtime': '1.956', 'eval_samples_per_second': '515.3', 'eval_steps_per_second': '64.42', 'epoch': '1'}
{'loss': '0.2381', 'grad_norm': '0.92', 'learning_rate': '1.612e-05', 'epoch': '2'}
{'eval_loss': '0.457', 'eval_accuracy': '0.869', 'eval_macro_f1': '0.465', 'eval_weighted_f1': '0.8082', 'eval_runtime': '1.966', 'eval_samples_per_second': '512.8', 'eval_steps_per_second': '64.1', 'epoch': '2'}
{'loss': '0.2232', 'grad_norm': '1.202', 'learning_rate': '1.412e-05', 'epoch': '3'}
{'eval_loss': '0.4954', 'eval_accuracy': '0.869', 'eval_macro_f1': '0.465', 'eval_weighted_f1': '0.8082', 'eval_runtime': '1.97', 'eval_samples_per_second': '511.8', 'eval_steps_per_second': '63.97', 'epoch': '3'}
{'train_runtime': '11.32', 'train_samples_per_second': '114.9', 'train_steps_per_second': '15.02', 'train_loss': '0.2999', 'epoch': '3'}

Evaluating on dev set...

Evaluating on test set...

Dev results:
{'eval_loss': 0.3941434919834137, 'eval_accuracy': 0.8690476190476191, 'eval_macro_f1': 0.46496815286624205, 'eval_weighted_f1': 0.8081589323627539, 'eval_runtime': 1.9661, 'eval_samples_per_second': 512.694, 'eval_steps_per_second': 64.087, 'epoch': 3.0}

Test results:
{'eval_loss': 0.3996989130973816, 'eval_accuracy': 0.8690476190476191, 'eval_macro_f1': 0.46496815286624205, 'eval_weighted_f1': 0.8081589323627539, 'eval_runtime': 1.9723, 'eval_samples_per_second': 511.076, 'eval_steps_per_second': 63.884, 'epoch': 3.0}

===== ROUND 2 | random_sampling =====
Labeled pool size: 160
Unlabeled pool size: 4544

Starting training...
{'loss': '0.3917', 'grad_norm': '1.795', 'learning_rate': '1.81e-05', 'epoch': '1'}
{'eval_loss': '0.4077', 'eval_accuracy': '0.869', 'eval_macro_f1': '0.465', 'eval_weighted_f1': '0.8082', 'eval_runtime': '1.975', 'eval_samples_per_second': '510.5', 'eval_steps_per_second': '63.81', 'epoch': '1'}
