Running method: src/active_learning/active_learning_random.py
CUDA: True
NVIDIA A40

===== ROUND 0 | random_sampling =====
Labeled pool size: 100
Unlabeled pool size: 4604

Starting training...
{'loss': '0.6282', 'grad_norm': '7.667', 'learning_rate': '1.815e-05', 'epoch': '1'}
{'eval_loss': '0.3897', 'eval_accuracy': '0.869', 'eval_macro_f1': '0.465', 'eval_weighted_f1': '0.8082', 'eval_runtime': '1.99', 'eval_samples_per_second': '506.5', 'eval_steps_per_second': '63.31', 'epoch': '1'}
{'loss': '0.2866', 'grad_norm': '1.943', 'learning_rate': '1.615e-05', 'epoch': '2'}
{'eval_loss': '0.4238', 'eval_accuracy': '0.869', 'eval_macro_f1': '0.465', 'eval_weighted_f1': '0.8082', 'eval_runtime': '1.968', 'eval_samples_per_second': '512.3', 'eval_steps_per_second': '64.04', 'epoch': '2'}
{'loss': '0.249', 'grad_norm': '10.05', 'learning_rate': '1.415e-05', 'epoch': '3'}
{'eval_loss': '0.4468', 'eval_accuracy': '0.869', 'eval_macro_f1': '0.465', 'eval_weighted_f1': '0.8082', 'eval_runtime': '1.951', 'eval_samples_per_second': '516.6', 'eval_steps_per_second': '64.57', 'epoch': '3'}
{'train_runtime': '13.58', 'train_samples_per_second': '73.64', 'train_steps_per_second': '9.573', 'train_loss': '0.3879', 'epoch': '3'}

Evaluating on dev set...

Evaluating on test set...

Dev results:
{'eval_loss': 0.3897232115268707, 'eval_accuracy': 0.8690476190476191, 'eval_macro_f1': 0.46496815286624205, 'eval_weighted_f1': 0.8081589323627539, 'eval_runtime': 1.9541, 'eval_samples_per_second': 515.851, 'eval_steps_per_second': 64.481, 'epoch': 3.0}

Test results:
{'eval_loss': 0.39140409231185913, 'eval_accuracy': 0.8690476190476191, 'eval_macro_f1': 0.46496815286624205, 'eval_weighted_f1': 0.8081589323627539, 'eval_runtime': 1.9573, 'eval_samples_per_second': 514.984, 'eval_steps_per_second': 64.373, 'epoch': 3.0}

===== ROUND 1 | random_sampling =====
Labeled pool size: 130
Unlabeled pool size: 4574

Starting training...
{'loss': '0.4385', 'grad_norm': '3.926', 'learning_rate': '1.812e-05', 'epoch': '1'}
{'eval_loss': '0.3941', 'eval_accuracy': '0.869', 'eval_macro_f1': '0.465', 'eval_weighted_f1': '0.8082', 'eval_runtime': '1.953', 'eval_samples_per_second': '516', 'eval_steps_per_second': '64.5', 'epoch': '1'}
{'loss': '0.2381', 'grad_norm': '0.92', 'learning_rate': '1.612e-05', 'epoch': '2'}
{'eval_loss': '0.457', 'eval_accuracy': '0.869', 'eval_macro_f1': '0.465', 'eval_weighted_f1': '0.8082', 'eval_runtime': '1.963', 'eval_samples_per_second': '513.4', 'eval_steps_per_second': '64.17', 'epoch': '2'}
{'loss': '0.2232', 'grad_norm': '1.202', 'learning_rate': '1.412e-05', 'epoch': '3'}
{'eval_loss': '0.4954', 'eval_accuracy': '0.869', 'eval_macro_f1': '0.465', 'eval_weighted_f1': '0.8082', 'eval_runtime': '1.962', 'eval_samples_per_second': '513.8', 'eval_steps_per_second': '64.22', 'epoch': '3'}
{'train_runtime': '11.4', 'train_samples_per_second': '114', 'train_steps_per_second': '14.91', 'train_loss': '0.2999', 'epoch': '3'}

Evaluating on dev set...

Evaluating on test set...

Dev results:
{'eval_loss': 0.3941434919834137, 'eval_accuracy': 0.8690476190476191, 'eval_macro_f1': 0.46496815286624205, 'eval_weighted_f1': 0.8081589323627539, 'eval_runtime': 1.9588, 'eval_samples_per_second': 514.608, 'eval_steps_per_second': 64.326, 'epoch': 3.0}

Test results:
{'eval_loss': 0.3996989130973816, 'eval_accuracy': 0.8690476190476191, 'eval_macro_f1': 0.46496815286624205, 'eval_weighted_f1': 0.8081589323627539, 'eval_runtime': 1.9603, 'eval_samples_per_second': 514.203, 'eval_steps_per_second': 64.275, 'epoch': 3.0}

===== ROUND 2 | random_sampling =====
Labeled pool size: 160
Unlabeled pool size: 4544

Starting training...
{'loss': '0.3917', 'grad_norm': '1.795', 'learning_rate': '1.81e-05', 'epoch': '1'}
{'eval_loss': '0.4077', 'eval_accuracy': '0.869', 'eval_macro_f1': '0.465', 'eval_weighted_f1': '0.8082', 'eval_runtime': '1.968', 'eval_samples_per_second': '512.2', 'eval_steps_per_second': '64.02', 'epoch': '1'}
{'loss': '0.2643', 'grad_norm': '4.833', 'learning_rate': '1.61e-05', 'epoch': '2'}
{'eval_loss': '0.46', 'eval_accuracy': '0.869', 'eval_macro_f1': '0.465', 'eval_weighted_f1': '0.8082', 'eval_runtime': '1.962', 'eval_samples_per_second': '513.9', 'eval_steps_per_second': '64.23', 'epoch': '2'}
{'loss': '0.234', 'grad_norm': '5.378', 'learning_rate': '1.41e-05', 'epoch': '3'}
{'eval_loss': '0.5057', 'eval_accuracy': '0.869', 'eval_macro_f1': '0.465', 'eval_weighted_f1': '0.8082', 'eval_runtime': '1.966', 'eval_samples_per_second': '512.7', 'eval_steps_per_second': '64.09', 'epoch': '3'}
{'train_runtime': '11.64', 'train_samples_per_second': '137.5', 'train_steps_per_second': '17.18', 'train_loss': '0.2967', 'epoch': '3'}

Evaluating on dev set...

Evaluating on test set...

Dev results:
{'eval_loss': 0.4077262580394745, 'eval_accuracy': 0.8690476190476191, 'eval_macro_f1': 0.46496815286624205, 'eval_weighted_f1': 0.8081589323627539, 'eval_runtime': 1.9673, 'eval_samples_per_second': 512.379, 'eval_steps_per_second': 64.047, 'epoch': 3.0}

Test results:
{'eval_loss': 0.4127090573310852, 'eval_accuracy': 0.8690476190476191, 'eval_macro_f1': 0.46496815286624205, 'eval_weighted_f1': 0.8081589323627539, 'eval_runtime': 1.966, 'eval_samples_per_second': 512.714, 'eval_steps_per_second': 64.089, 'epoch': 3.0}

===== ROUND 3 | random_sampling =====
Labeled pool size: 190
Unlabeled pool size: 4514

Starting training...
{'loss': '0.4271', 'grad_norm': '2.169', 'learning_rate': '1.808e-05', 'epoch': '1'}
{'eval_loss': '0.4138', 'eval_accuracy': '0.869', 'eval_macro_f1': '0.465', 'eval_weighted_f1': '0.8082', 'eval_runtime': '1.965', 'eval_samples_per_second': '512.9', 'eval_steps_per_second': '64.12', 'epoch': '1'}
{'loss': '0.304', 'grad_norm': '0.9417', 'learning_rate': '1.608e-05', 'epoch': '2'}
{'eval_loss': '0.4298', 'eval_accuracy': '0.869', 'eval_macro_f1': '0.465', 'eval_weighted_f1': '0.8082', 'eval_runtime': '1.972', 'eval_samples_per_second': '511.1', 'eval_steps_per_second': '63.89', 'epoch': '2'}
{'loss': '0.2563', 'grad_norm': '7.253', 'learning_rate': '1.408e-05', 'epoch': '3'}
{'eval_loss': '0.4622', 'eval_accuracy': '0.869', 'eval_macro_f1': '0.465', 'eval_weighted_f1': '0.8082', 'eval_runtime': '1.975', 'eval_samples_per_second': '510.3', 'eval_steps_per_second': '63.79', 'epoch': '3'}
{'train_runtime': '12.36', 'train_samples_per_second': '153.7', 'train_steps_per_second': '19.42', 'train_loss': '0.3291', 'epoch': '3'}

Evaluating on dev set...

Evaluating on test set...

Dev results:
{'eval_loss': 0.41380617022514343, 'eval_accuracy': 0.8690476190476191, 'eval_macro_f1': 0.46496815286624205, 'eval_weighted_f1': 0.8081589323627539, 'eval_runtime': 1.9714, 'eval_samples_per_second': 511.307, 'eval_steps_per_second': 63.913, 'epoch': 3.0}

Test results:
{'eval_loss': 0.41210317611694336, 'eval_accuracy': 0.8690476190476191, 'eval_macro_f1': 0.46496815286624205, 'eval_weighted_f1': 0.8081589323627539, 'eval_runtime': 1.9774, 'eval_samples_per_second': 509.767, 'eval_steps_per_second': 63.721, 'epoch': 3.0}

===== ROUND 4 | random_sampling =====
Labeled pool size: 220
Unlabeled pool size: 4484

Starting training...
{'loss': '0.38', 'grad_norm': '1.357', 'learning_rate': '1.807e-05', 'epoch': '1'}
{'eval_loss': '0.4366', 'eval_accuracy': '0.869', 'eval_macro_f1': '0.465', 'eval_weighted_f1': '0.8082', 'eval_runtime': '1.979', 'eval_samples_per_second': '509.4', 'eval_steps_per_second': '63.68', 'epoch': '1'}
{'loss': '0.3416', 'grad_norm': '10.02', 'learning_rate': '1.607e-05', 'epoch': '2'}
{'eval_loss': '0.4835', 'eval_accuracy': '0.869', 'eval_macro_f1': '0.465', 'eval_weighted_f1': '0.8082', 'eval_runtime': '1.982', 'eval_samples_per_second': '508.5', 'eval_steps_per_second': '63.56', 'epoch': '2'}
{'loss': '0.2594', 'grad_norm': '0.7423', 'learning_rate': '1.407e-05', 'epoch': '3'}
{'eval_loss': '0.4278', 'eval_accuracy': '0.871', 'eval_macro_f1': '0.4804', 'eval_weighted_f1': '0.8129', 'eval_runtime': '1.982', 'eval_samples_per_second': '508.5', 'eval_steps_per_second': '63.56', 'epoch': '3'}
{'loss': '0.1665', 'grad_norm': '6.069', 'learning_rate': '1.207e-05', 'epoch': '4'}
{'eval_loss': '0.4368', 'eval_accuracy': '0.872', 'eval_macro_f1': '0.4949', 'eval_weighted_f1': '0.817', 'eval_runtime': '1.984', 'eval_samples_per_second': '508.1', 'eval_steps_per_second': '63.52', 'epoch': '4'}
{'loss': '0.1115', 'grad_norm': '0.6353', 'learning_rate': '1.007e-05', 'epoch': '5'}
{'eval_loss': '0.4608', 'eval_accuracy': '0.873', 'eval_macro_f1': '0.5151', 'eval_weighted_f1': '0.8226', 'eval_runtime': '1.988', 'eval_samples_per_second': '507.2', 'eval_steps_per_second': '63.4', 'epoch': '5'}
{'loss': '0.07826', 'grad_norm': '0.6919', 'learning_rate': '8.071e-06', 'epoch': '6'}
{'eval_loss': '0.4322', 'eval_accuracy': '0.869', 'eval_macro_f1': '0.536', 'eval_weighted_f1': '0.8261', 'eval_runtime': '1.988', 'eval_samples_per_second': '506.9', 'eval_steps_per_second': '63.37', 'epoch': '6'}
{'loss': '0.04469', 'grad_norm': '0.697', 'learning_rate': '6.071e-06', 'epoch': '7'}
{'eval_loss': '0.4624', 'eval_accuracy': '0.87', 'eval_macro_f1': '0.5476', 'eval_weighted_f1': '0.8295', 'eval_runtime': '1.99', 'eval_samples_per_second': '506.6', 'eval_steps_per_second': '63.33', 'epoch': '7'}
{'loss': '0.02914', 'grad_norm': '0.2616', 'learning_rate': '4.071e-06', 'epoch': '8'}
{'eval_loss': '0.456', 'eval_accuracy': '0.872', 'eval_macro_f1': '0.5438', 'eval_weighted_f1': '0.8294', 'eval_runtime': '1.992', 'eval_samples_per_second': '505.9', 'eval_steps_per_second': '63.24', 'epoch': '8'}
{'loss': '0.02398', 'grad_norm': '0.484', 'learning_rate': '2.071e-06', 'epoch': '9'}
{'eval_loss': '0.4606', 'eval_accuracy': '0.872', 'eval_macro_f1': '0.5438', 'eval_weighted_f1': '0.8294', 'eval_runtime': '1.993', 'eval_samples_per_second': '505.8', 'eval_steps_per_second': '63.23', 'epoch': '9'}
{'train_runtime': '39.32', 'train_samples_per_second': '55.95', 'train_steps_per_second': '7.121', 'train_loss': '0.1595', 'epoch': '9'}

Evaluating on dev set...

Evaluating on test set...

Dev results:
{'eval_loss': 0.4623984098434448, 'eval_accuracy': 0.8700396825396826, 'eval_macro_f1': 0.5475685509982423, 'eval_weighted_f1': 0.8294939585973393, 'eval_runtime': 1.9879, 'eval_samples_per_second': 507.066, 'eval_steps_per_second': 63.383, 'epoch': 9.0}

Test results:
{'eval_loss': 0.46587935090065, 'eval_accuracy': 0.8670634920634921, 'eval_macro_f1': 0.5232663203072058, 'eval_weighted_f1': 0.822080684543978, 'eval_runtime': 1.9956, 'eval_samples_per_second': 505.1, 'eval_steps_per_second': 63.138, 'epoch': 9.0}

===== ROUND 5 | random_sampling =====
Labeled pool size: 250
Unlabeled pool size: 4454

Starting training...
{'loss': '0.4109', 'grad_norm': '3.87', 'learning_rate': '1.806e-05', 'epoch': '1'}
{'eval_loss': '0.4256', 'eval_accuracy': '0.869', 'eval_macro_f1': '0.465', 'eval_weighted_f1': '0.8082', 'eval_runtime': '1.991', 'eval_samples_per_second': '506.2', 'eval_steps_per_second': '63.27', 'epoch': '1'}
{'loss': '0.3288', 'grad_norm': '1.585', 'learning_rate': '1.606e-05', 'epoch': '2'}
{'eval_loss': '0.4361', 'eval_accuracy': '0.869', 'eval_macro_f1': '0.465', 'eval_weighted_f1': '0.8082', 'eval_runtime': '1.991', 'eval_samples_per_second': '506.3', 'eval_steps_per_second': '63.29', 'epoch': '2'}
{'loss': '0.2709', 'grad_norm': '1.519', 'learning_rate': '1.406e-05', 'epoch': '3'}
{'eval_loss': '0.4898', 'eval_accuracy': '0.869', 'eval_macro_f1': '0.465', 'eval_weighted_f1': '0.8082', 'eval_runtime': '1.993', 'eval_samples_per_second': '505.8', 'eval_steps_per_second': '63.23', 'epoch': '3'}
{'train_runtime': '13.66', 'train_samples_per_second': '183.1', 'train_steps_per_second': '23.43', 'train_loss': '0.3369', 'epoch': '3'}

Evaluating on dev set...

Evaluating on test set...

Dev results:
{'eval_loss': 0.42564016580581665, 'eval_accuracy': 0.8690476190476191, 'eval_macro_f1': 0.46496815286624205, 'eval_weighted_f1': 0.8081589323627539, 'eval_runtime': 1.9867, 'eval_samples_per_second': 507.365, 'eval_steps_per_second': 63.421, 'epoch': 3.0}

Test results:
{'eval_loss': 0.41503652930259705, 'eval_accuracy': 0.8690476190476191, 'eval_macro_f1': 0.46496815286624205, 'eval_weighted_f1': 0.8081589323627539, 'eval_runtime': 1.9932, 'eval_samples_per_second': 505.731, 'eval_steps_per_second': 63.216, 'epoch': 3.0}

===== ROUND 6 | random_sampling =====
Labeled pool size: 280
Unlabeled pool size: 4424

Starting training...
{'loss': '0.3734', 'grad_norm': '2.394', 'learning_rate': '1.806e-05', 'epoch': '1'}
{'eval_loss': '0.456', 'eval_accuracy': '0.869', 'eval_macro_f1': '0.465', 'eval_weighted_f1': '0.8082', 'eval_runtime': '1.991', 'eval_samples_per_second': '506.3', 'eval_steps_per_second': '63.29', 'epoch': '1'}
{'loss': '0.3013', 'grad_norm': '0.7598', 'learning_rate': '1.606e-05', 'epoch': '2'}
{'eval_loss': '0.4688', 'eval_accuracy': '0.869', 'eval_macro_f1': '0.465', 'eval_weighted_f1': '0.8082', 'eval_runtime': '1.992', 'eval_samples_per_second': '505.9', 'eval_steps_per_second': '63.24', 'epoch': '2'}
{'loss': '0.2698', 'grad_norm': '3.109', 'learning_rate': '1.406e-05', 'epoch': '3'}
{'eval_loss': '0.4166', 'eval_accuracy': '0.8671', 'eval_macro_f1': '0.4924', 'eval_weighted_f1': '0.8143', 'eval_runtime': '1.993', 'eval_samples_per_second': '505.7', 'eval_steps_per_second': '63.21', 'epoch': '3'}
{'loss': '0.1727', 'grad_norm': '0.7136', 'learning_rate': '1.206e-05', 'epoch': '4'}
{'eval_loss': '0.494', 'eval_accuracy': '0.87', 'eval_macro_f1': '0.4727', 'eval_weighted_f1': '0.8106', 'eval_runtime': '1.995', 'eval_samples_per_second': '505.2', 'eval_steps_per_second': '63.15', 'epoch': '4'}
{'loss': '0.1202', 'grad_norm': '0.6097', 'learning_rate': '1.006e-05', 'epoch': '5'}
{'eval_loss': '0.4666', 'eval_accuracy': '0.87', 'eval_macro_f1': '0.5005', 'eval_weighted_f1': '0.8176', 'eval_runtime': '1.996', 'eval_samples_per_second': '505.1', 'eval_steps_per_second': '63.14', 'epoch': '5'}
{'loss': '0.07045', 'grad_norm': '0.462', 'learning_rate': '8.057e-06', 'epoch': '6'}
{'eval_loss': '0.5089', 'eval_accuracy': '0.87', 'eval_macro_f1': '0.5005', 'eval_weighted_f1': '0.8176', 'eval_runtime': '2', 'eval_samples_per_second': '504.1', 'eval_steps_per_second': '63.01', 'epoch': '6'}
{'loss': '0.05263', 'grad_norm': '5.391', 'learning_rate': '6.057e-06', 'epoch': '7'}
{'eval_loss': '0.4785', 'eval_accuracy': '0.8681', 'eval_macro_f1': '0.5181', 'eval_weighted_f1': '0.8212', 'eval_runtime': '1.996', 'eval_samples_per_second': '505.1', 'eval_steps_per_second': '63.14', 'epoch': '7'}
{'loss': '0.03339', 'grad_norm': '0.27', 'learning_rate': '4.057e-06', 'epoch': '8'}
{'eval_loss': '0.5225', 'eval_accuracy': '0.8651', 'eval_macro_f1': '0.4979', 'eval_weighted_f1': '0.8148', 'eval_runtime': '1.997', 'eval_samples_per_second': '504.8', 'eval_steps_per_second': '63.1', 'epoch': '8'}
{'loss': '0.02477', 'grad_norm': '2.087', 'learning_rate': '2.057e-06', 'epoch': '9'}
{'eval_loss': '0.5146', 'eval_accuracy': '0.8661', 'eval_macro_f1': '0.5108', 'eval_weighted_f1': '0.8185', 'eval_runtime': '1.996', 'eval_samples_per_second': '505.1', 'eval_steps_per_second': '63.13', 'epoch': '9'}
{'train_runtime': '43.21', 'train_samples_per_second': '64.8', 'train_steps_per_second': '8.1', 'train_loss': '0.1576', 'epoch': '9'}

Evaluating on dev set...

Evaluating on test set...

Dev results:
{'eval_loss': 0.47847673296928406, 'eval_accuracy': 0.8680555555555556, 'eval_macro_f1': 0.5180726356391296, 'eval_weighted_f1': 0.8212010319346139, 'eval_runtime': 1.9948, 'eval_samples_per_second': 505.314, 'eval_steps_per_second': 63.164, 'epoch': 9.0}

Test results:
{'eval_loss': 0.4837900996208191, 'eval_accuracy': 0.8690476190476191, 'eval_macro_f1': 0.5064102564102564, 'eval_weighted_f1': 0.8186813186813188, 'eval_runtime': 1.9982, 'eval_samples_per_second': 504.446, 'eval_steps_per_second': 63.056, 'epoch': 9.0}

===== ROUND 7 | random_sampling =====
Labeled pool size: 310
Unlabeled pool size: 4394

Starting training...
{'loss': '0.4412', 'grad_norm': '1.085', 'learning_rate': '1.805e-05', 'epoch': '1'}
{'eval_loss': '0.4201', 'eval_accuracy': '0.869', 'eval_macro_f1': '0.465', 'eval_weighted_f1': '0.8082', 'eval_runtime': '1.996', 'eval_samples_per_second': '505.1', 'eval_steps_per_second': '63.14', 'epoch': '1'}
{'loss': '0.3491', 'grad_norm': '0.7193', 'learning_rate': '1.605e-05', 'epoch': '2'}
{'eval_loss': '0.4505', 'eval_accuracy': '0.869', 'eval_macro_f1': '0.465', 'eval_weighted_f1': '0.8082', 'eval_runtime': '2', 'eval_samples_per_second': '504.1', 'eval_steps_per_second': '63.01', 'epoch': '2'}
{'loss': '0.2792', 'grad_norm': '3.811', 'learning_rate': '1.405e-05', 'epoch': '3'}
{'eval_loss': '0.373', 'eval_accuracy': '0.87', 'eval_macro_f1': '0.487', 'eval_weighted_f1': '0.8142', 'eval_runtime': '1.999', 'eval_samples_per_second': '504.3', 'eval_steps_per_second': '63.03', 'epoch': '3'}
{'loss': '0.1791', 'grad_norm': '1.236', 'learning_rate': '1.205e-05', 'epoch': '4'}
{'eval_loss': '0.4033', 'eval_accuracy': '0.871', 'eval_macro_f1': '0.4944', 'eval_weighted_f1': '0.8165', 'eval_runtime': '2.001', 'eval_samples_per_second': '503.7', 'eval_steps_per_second': '62.97', 'epoch': '4'}
{'loss': '0.1048', 'grad_norm': '0.4882', 'learning_rate': '1.005e-05', 'epoch': '5'}
{'eval_loss': '0.4296', 'eval_accuracy': '0.873', 'eval_macro_f1': '0.5274', 'eval_weighted_f1': '0.8257', 'eval_runtime': '1.999', 'eval_samples_per_second': '504.3', 'eval_steps_per_second': '63.04', 'epoch': '5'}
{'loss': '0.07117', 'grad_norm': '0.8295', 'learning_rate': '8.051e-06', 'epoch': '6'}
{'eval_loss': '0.4283', 'eval_accuracy': '0.872', 'eval_macro_f1': '0.5383', 'eval_weighted_f1': '0.828', 'eval_runtime': '2', 'eval_samples_per_second': '504', 'eval_steps_per_second': '63', 'epoch': '6'}
{'loss': '0.04438', 'grad_norm': '0.5741', 'learning_rate': '6.051e-06', 'epoch': '7'}
{'eval_loss': '0.4245', 'eval_accuracy': '0.872', 'eval_macro_f1': '0.5646', 'eval_weighted_f1': '0.8346', 'eval_runtime': '2.002', 'eval_samples_per_second': '503.5', 'eval_steps_per_second': '62.94', 'epoch': '7'}
{'loss': '0.0267', 'grad_norm': '0.1723', 'learning_rate': '4.051e-06', 'epoch': '8'}
{'eval_loss': '0.4628', 'eval_accuracy': '0.876', 'eval_macro_f1': '0.5632', 'eval_weighted_f1': '0.836', 'eval_runtime': '2.001', 'eval_samples_per_second': '503.7', 'eval_steps_per_second': '62.96', 'epoch': '8'}
{'loss': '0.01718', 'grad_norm': '0.155', 'learning_rate': '2.051e-06', 'epoch': '9'}
{'eval_loss': '0.4695', 'eval_accuracy': '0.876', 'eval_macro_f1': '0.5632', 'eval_weighted_f1': '0.836', 'eval_runtime': '1.998', 'eval_samples_per_second': '504.4', 'eval_steps_per_second': '63.05', 'epoch': '9'}
{'train_runtime': '45.4', 'train_samples_per_second': '68.29', 'train_steps_per_second': '8.591', 'train_loss': '0.1681', 'epoch': '9'}

Evaluating on dev set...

Evaluating on test set...

Dev results:
{'eval_loss': 0.42452627420425415, 'eval_accuracy': 0.8720238095238095, 'eval_macro_f1': 0.5646079924997071, 'eval_weighted_f1': 0.8346403040297333, 'eval_runtime': 1.9914, 'eval_samples_per_second': 506.178, 'eval_steps_per_second': 63.272, 'epoch': 9.0}

Test results:
{'eval_loss': 0.4004523754119873, 'eval_accuracy': 0.8839285714285714, 'eval_macro_f1': 0.6005730484347852, 'eval_weighted_f1': 0.8488846021537215, 'eval_runtime': 1.9968, 'eval_samples_per_second': 504.819, 'eval_steps_per_second': 63.102, 'epoch': 9.0}

===== ROUND 8 | random_sampling =====
Labeled pool size: 340
Unlabeled pool size: 4364

Starting training...
{'loss': '0.4653', 'grad_norm': '1.833', 'learning_rate': '1.805e-05', 'epoch': '1'}
{'eval_loss': '0.4112', 'eval_accuracy': '0.869', 'eval_macro_f1': '0.465', 'eval_weighted_f1': '0.8082', 'eval_runtime': '1.999', 'eval_samples_per_second': '504.3', 'eval_steps_per_second': '63.03', 'epoch': '1'}
{'loss': '0.358', 'grad_norm': '10.1', 'learning_rate': '1.605e-05', 'epoch': '2'}
{'eval_loss': '0.407', 'eval_accuracy': '0.869', 'eval_macro_f1': '0.465', 'eval_weighted_f1': '0.8082', 'eval_runtime': '2.001', 'eval_samples_per_second': '503.8', 'eval_steps_per_second': '62.98', 'epoch': '2'}
{'loss': '0.3053', 'grad_norm': '0.8928', 'learning_rate': '1.405e-05', 'epoch': '3'}
{'eval_loss': '0.4135', 'eval_accuracy': '0.869', 'eval_macro_f1': '0.465', 'eval_weighted_f1': '0.8082', 'eval_runtime': '2.002', 'eval_samples_per_second': '503.5', 'eval_steps_per_second': '62.94', 'epoch': '3'}
{'train_runtime': '15.54', 'train_samples_per_second': '218.8', 'train_steps_per_second': '27.67', 'train_loss': '0.3762', 'epoch': '3'}

Evaluating on dev set...

Evaluating on test set...

Dev results:
{'eval_loss': 0.4111647307872772, 'eval_accuracy': 0.8690476190476191, 'eval_macro_f1': 0.46496815286624205, 'eval_weighted_f1': 0.8081589323627539, 'eval_runtime': 1.9943, 'eval_samples_per_second': 505.443, 'eval_steps_per_second': 63.18, 'epoch': 3.0}

Test results:
{'eval_loss': 0.41391512751579285, 'eval_accuracy': 0.8690476190476191, 'eval_macro_f1': 0.46496815286624205, 'eval_weighted_f1': 0.8081589323627539, 'eval_runtime': 2.0001, 'eval_samples_per_second': 503.987, 'eval_steps_per_second': 62.998, 'epoch': 3.0}

===== ROUND 9 | random_sampling =====
Labeled pool size: 370
Unlabeled pool size: 4334

Starting training...
{'loss': '0.3997', 'grad_norm': '2.132', 'learning_rate': '1.804e-05', 'epoch': '1'}
{'eval_loss': '0.4539', 'eval_accuracy': '0.869', 'eval_macro_f1': '0.465', 'eval_weighted_f1': '0.8082', 'eval_runtime': '1.999', 'eval_samples_per_second': '504.2', 'eval_steps_per_second': '63.03', 'epoch': '1'}
{'loss': '0.3856', 'grad_norm': '20.79', 'learning_rate': '1.604e-05', 'epoch': '2'}
{'eval_loss': '0.4001', 'eval_accuracy': '0.869', 'eval_macro_f1': '0.465', 'eval_weighted_f1': '0.8082', 'eval_runtime': '1.999', 'eval_samples_per_second': '504.3', 'eval_steps_per_second': '63.04', 'epoch': '2'}
{'loss': '0.2628', 'grad_norm': '20.08', 'learning_rate': '1.404e-05', 'epoch': '3'}
{'eval_loss': '0.3697', 'eval_accuracy': '0.872', 'eval_macro_f1': '0.4949', 'eval_weighted_f1': '0.817', 'eval_runtime': '2.001', 'eval_samples_per_second': '503.8', 'eval_steps_per_second': '62.98', 'epoch': '3'}
{'loss': '0.1718', 'grad_norm': '0.6342', 'learning_rate': '1.204e-05', 'epoch': '4'}
{'eval_loss': '0.4759', 'eval_accuracy': '0.871', 'eval_macro_f1': '0.4804', 'eval_weighted_f1': '0.8129', 'eval_runtime': '2.001', 'eval_samples_per_second': '503.9', 'eval_steps_per_second': '62.98', 'epoch': '4'}
{'loss': '0.1152', 'grad_norm': '9.874', 'learning_rate': '1.004e-05', 'epoch': '5'}
{'eval_loss': '0.4072', 'eval_accuracy': '0.871', 'eval_macro_f1': '0.5637', 'eval_weighted_f1': '0.834', 'eval_runtime': '2.002', 'eval_samples_per_second': '503.6', 'eval_steps_per_second': '62.94', 'epoch': '5'}
{'loss': '0.06474', 'grad_norm': '1.22', 'learning_rate': '8.043e-06', 'epoch': '6'}
{'eval_loss': '0.4558', 'eval_accuracy': '0.871', 'eval_macro_f1': '0.543', 'eval_weighted_f1': '0.8288', 'eval_runtime': '2', 'eval_samples_per_second': '504', 'eval_steps_per_second': '63.01', 'epoch': '6'}
{'loss': '0.03964', 'grad_norm': '0.2224', 'learning_rate': '6.043e-06', 'epoch': '7'}
{'eval_loss': '0.4545', 'eval_accuracy': '0.869', 'eval_macro_f1': '0.5519', 'eval_weighted_f1': '0.8302', 'eval_runtime': '2.001', 'eval_samples_per_second': '503.8', 'eval_steps_per_second': '62.97', 'epoch': '7'}
{'train_runtime': '38.24', 'train_samples_per_second': '96.77', 'train_steps_per_second': '12.29', 'train_loss': '0.2056', 'epoch': '7'}

Evaluating on dev set...

Evaluating on test set...

Dev results:
{'eval_loss': 0.4071584939956665, 'eval_accuracy': 0.871031746031746, 'eval_macro_f1': 0.5637061009229294, 'eval_weighted_f1': 0.8339782994583426, 'eval_runtime': 1.9932, 'eval_samples_per_second': 505.731, 'eval_steps_per_second': 63.216, 'epoch': 7.0}

Test results:
{'eval_loss': 0.39745891094207764, 'eval_accuracy': 0.8869047619047619, 'eval_macro_f1': 0.6298701298701299, 'eval_weighted_f1': 0.8575293753865183, 'eval_runtime': 1.9998, 'eval_samples_per_second': 504.047, 'eval_steps_per_second': 63.006, 'epoch': 7.0}

===== ROUND 10 | random_sampling =====
Labeled pool size: 400
Unlabeled pool size: 4304

Starting training...
{'loss': '0.4305', 'grad_norm': '7.195', 'learning_rate': '1.804e-05', 'epoch': '1'}
{'eval_loss': '0.4681', 'eval_accuracy': '0.869', 'eval_macro_f1': '0.465', 'eval_weighted_f1': '0.8082', 'eval_runtime': '2.001', 'eval_samples_per_second': '503.8', 'eval_steps_per_second': '62.98', 'epoch': '1'}
{'loss': '0.3836', 'grad_norm': '1.321', 'learning_rate': '1.604e-05', 'epoch': '2'}
{'eval_loss': '0.4259', 'eval_accuracy': '0.869', 'eval_macro_f1': '0.465', 'eval_weighted_f1': '0.8082', 'eval_runtime': '2.003', 'eval_samples_per_second': '503.3', 'eval_steps_per_second': '62.91', 'epoch': '2'}
{'loss': '0.3325', 'grad_norm': '7.923', 'learning_rate': '1.404e-05', 'epoch': '3'}
{'eval_loss': '0.4071', 'eval_accuracy': '0.87', 'eval_macro_f1': '0.4727', 'eval_weighted_f1': '0.8106', 'eval_runtime': '2.003', 'eval_samples_per_second': '503.2', 'eval_steps_per_second': '62.89', 'epoch': '3'}
{'loss': '0.2306', 'grad_norm': '6.886', 'learning_rate': '1.204e-05', 'epoch': '4'}
{'eval_loss': '0.377', 'eval_accuracy': '0.871', 'eval_macro_f1': '0.543', 'eval_weighted_f1': '0.8288', 'eval_runtime': '2.002', 'eval_samples_per_second': '503.4', 'eval_steps_per_second': '62.92', 'epoch': '4'}
{'loss': '0.1557', 'grad_norm': '0.7348', 'learning_rate': '1.004e-05', 'epoch': '5'}
{'eval_loss': '0.3919', 'eval_accuracy': '0.869', 'eval_macro_f1': '0.5414', 'eval_weighted_f1': '0.8275', 'eval_runtime': '2.005', 'eval_samples_per_second': '502.8', 'eval_steps_per_second': '62.85', 'epoch': '5'}
{'loss': '0.09054', 'grad_norm': '0.6911', 'learning_rate': '8.04e-06', 'epoch': '6'}
{'eval_loss': '0.4637', 'eval_accuracy': '0.871', 'eval_macro_f1': '0.5076', 'eval_weighted_f1': '0.8198', 'eval_runtime': '2.003', 'eval_samples_per_second': '503.2', 'eval_steps_per_second': '62.9', 'epoch': '6'}
{'train_runtime': '33.95', 'train_samples_per_second': '117.8', 'train_steps_per_second': '14.73', 'train_loss': '0.2706', 'epoch': '6'}

Evaluating on dev set...

Evaluating on test set...

Dev results:
{'eval_loss': 0.37696418166160583, 'eval_accuracy': 0.871031746031746, 'eval_macro_f1': 0.5430133775998438, 'eval_weighted_f1': 0.8287811365147563, 'eval_runtime': 1.9959, 'eval_samples_per_second': 505.03, 'eval_steps_per_second': 63.129, 'epoch': 6.0}

Test results:
{'eval_loss': 0.36923107504844666, 'eval_accuracy': 0.8720238095238095, 'eval_macro_f1': 0.5492121821427952, 'eval_weighted_f1': 0.8307735546767631, 'eval_runtime': 2.0009, 'eval_samples_per_second': 503.773, 'eval_steps_per_second': 62.972, 'epoch': 6.0}

===== ROUND 11 | random_sampling =====
Labeled pool size: 430
Unlabeled pool size: 4274

Starting training...
{'loss': '0.4344', 'grad_norm': '5.518', 'learning_rate': '1.804e-05', 'epoch': '1'}
{'eval_loss': '0.4295', 'eval_accuracy': '0.869', 'eval_macro_f1': '0.465', 'eval_weighted_f1': '0.8082', 'eval_runtime': '1.994', 'eval_samples_per_second': '505.6', 'eval_steps_per_second': '63.2', 'epoch': '1'}
{'loss': '0.3806', 'grad_norm': '7.353', 'learning_rate': '1.604e-05', 'epoch': '2'}
{'eval_loss': '0.4726', 'eval_accuracy': '0.869', 'eval_macro_f1': '0.465', 'eval_weighted_f1': '0.8082', 'eval_runtime': '1.999', 'eval_samples_per_second': '504.3', 'eval_steps_per_second': '63.04', 'epoch': '2'}
{'loss': '0.3036', 'grad_norm': '7.572', 'learning_rate': '1.404e-05', 'epoch': '3'}
{'eval_loss': '0.364', 'eval_accuracy': '0.872', 'eval_macro_f1': '0.5016', 'eval_weighted_f1': '0.8187', 'eval_runtime': '2.001', 'eval_samples_per_second': '503.6', 'eval_steps_per_second': '62.95', 'epoch': '3'}
{'loss': '0.2097', 'grad_norm': '1.256', 'learning_rate': '1.204e-05', 'epoch': '4'}
{'eval_loss': '0.3668', 'eval_accuracy': '0.875', 'eval_macro_f1': '0.5674', 'eval_weighted_f1': '0.8366', 'eval_runtime': '1.998', 'eval_samples_per_second': '504.4', 'eval_steps_per_second': '63.05', 'epoch': '4'}
{'loss': '0.1573', 'grad_norm': '1.017', 'learning_rate': '1.004e-05', 'epoch': '5'}
{'eval_loss': '0.377', 'eval_accuracy': '0.8651', 'eval_macro_f1': '0.5584', 'eval_weighted_f1': '0.83', 'eval_runtime': '2', 'eval_samples_per_second': '504.1', 'eval_steps_per_second': '63.01', 'epoch': '5'}
{'loss': '0.09164', 'grad_norm': '11.18', 'learning_rate': '8.037e-06', 'epoch': '6'}
{'eval_loss': '0.3901', 'eval_accuracy': '0.87', 'eval_macro_f1': '0.5528', 'eval_weighted_f1': '0.8308', 'eval_runtime': '2.001', 'eval_samples_per_second': '503.7', 'eval_steps_per_second': '62.97', 'epoch': '6'}
{'train_runtime': '35.01', 'train_samples_per_second': '122.8', 'train_steps_per_second': '15.42', 'train_loss': '0.2628', 'epoch': '6'}

Evaluating on dev set...

Evaluating on test set...

Dev results:
{'eval_loss': 0.36678171157836914, 'eval_accuracy': 0.875, 'eval_macro_f1': 0.567358395443583, 'eval_weighted_f1': 0.8366352822553174, 'eval_runtime': 1.9904, 'eval_samples_per_second': 506.436, 'eval_steps_per_second': 63.305, 'epoch': 6.0}

Test results:
{'eval_loss': 0.3805559575557709, 'eval_accuracy': 0.876984126984127, 'eval_macro_f1': 0.5692307692307692, 'eval_weighted_f1': 0.837973137973138, 'eval_runtime': 1.9963, 'eval_samples_per_second': 504.945, 'eval_steps_per_second': 63.118, 'epoch': 6.0}

===== ROUND 12 | random_sampling =====
Labeled pool size: 460
Unlabeled pool size: 4244

Starting training...
{'loss': '0.4493', 'grad_norm': '1.398', 'learning_rate': '1.803e-05', 'epoch': '1'}
{'eval_loss': '0.4041', 'eval_accuracy': '0.869', 'eval_macro_f1': '0.465', 'eval_weighted_f1': '0.8082', 'eval_runtime': '2.002', 'eval_samples_per_second': '503.5', 'eval_steps_per_second': '62.94', 'epoch': '1'}
{'loss': '0.3588', 'grad_norm': '10.64', 'learning_rate': '1.603e-05', 'epoch': '2'}
{'eval_loss': '0.438', 'eval_accuracy': '0.869', 'eval_macro_f1': '0.465', 'eval_weighted_f1': '0.8082', 'eval_runtime': '2.003', 'eval_samples_per_second': '503.3', 'eval_steps_per_second': '62.91', 'epoch': '2'}
{'loss': '0.2786', 'grad_norm': '5.522', 'learning_rate': '1.403e-05', 'epoch': '3'}
{'eval_loss': '0.3328', 'eval_accuracy': '0.8681', 'eval_macro_f1': '0.5795', 'eval_weighted_f1': '0.8366', 'eval_runtime': '2.005', 'eval_samples_per_second': '502.7', 'eval_steps_per_second': '62.84', 'epoch': '3'}
{'loss': '0.1674', 'grad_norm': '0.6411', 'learning_rate': '1.203e-05', 'epoch': '4'}
{'eval_loss': '0.3651', 'eval_accuracy': '0.87', 'eval_macro_f1': '0.5858', 'eval_weighted_f1': '0.8391', 'eval_runtime': '2.005', 'eval_samples_per_second': '502.9', 'eval_steps_per_second': '62.86', 'epoch': '4'}
{'loss': '0.107', 'grad_norm': '0.4228', 'learning_rate': '1.003e-05', 'epoch': '5'}
{'eval_loss': '0.4418', 'eval_accuracy': '0.8681', 'eval_macro_f1': '0.5352', 'eval_weighted_f1': '0.8255', 'eval_runtime': '2.008', 'eval_samples_per_second': '502', 'eval_steps_per_second': '62.75', 'epoch': '5'}
{'loss': '0.06931', 'grad_norm': '0.3942', 'learning_rate': '8.034e-06', 'epoch': '6'}
{'eval_loss': '0.4125', 'eval_accuracy': '0.869', 'eval_macro_f1': '0.5891', 'eval_weighted_f1': '0.8394', 'eval_runtime': '2.004', 'eval_samples_per_second': '502.9', 'eval_steps_per_second': '62.87', 'epoch': '6'}
{'loss': '0.04263', 'grad_norm': '0.5037', 'learning_rate': '6.034e-06', 'epoch': '7'}
{'eval_loss': '0.4452', 'eval_accuracy': '0.874', 'eval_macro_f1': '0.5808', 'eval_weighted_f1': '0.8396', 'eval_runtime': '2.004', 'eval_samples_per_second': '503.1', 'eval_steps_per_second': '62.89', 'epoch': '7'}
{'loss': '0.03182', 'grad_norm': '0.304', 'learning_rate': '4.034e-06', 'epoch': '8'}
{'eval_loss': '0.4278', 'eval_accuracy': '0.871', 'eval_macro_f1': '0.5954', 'eval_weighted_f1': '0.8419', 'eval_runtime': '2.006', 'eval_samples_per_second': '502.5', 'eval_steps_per_second': '62.81', 'epoch': '8'}
{'loss': '0.02111', 'grad_norm': '0.5011', 'learning_rate': '2.034e-06', 'epoch': '9'}
{'eval_loss': '0.4632', 'eval_accuracy': '0.875', 'eval_macro_f1': '0.5864', 'eval_weighted_f1': '0.8414', 'eval_runtime': '2.004', 'eval_samples_per_second': '502.9', 'eval_steps_per_second': '62.86', 'epoch': '9'}
{'loss': '0.01684', 'grad_norm': '0.1765', 'learning_rate': '3.448e-08', 'epoch': '10'}
{'eval_loss': '0.468', 'eval_accuracy': '0.875', 'eval_macro_f1': '0.5864', 'eval_weighted_f1': '0.8414', 'eval_runtime': '2.005', 'eval_samples_per_second': '502.8', 'eval_steps_per_second': '62.84', 'epoch': '10'}
{'train_runtime': '60.66', 'train_samples_per_second': '75.84', 'train_steps_per_second': '9.562', 'train_loss': '0.1543', 'epoch': '10'}

Evaluating on dev set...

Evaluating on test set...

Dev results:
{'eval_loss': 0.42783278226852417, 'eval_accuracy': 0.871031746031746, 'eval_macro_f1': 0.5953557312252964, 'eval_weighted_f1': 0.8418737060041408, 'eval_runtime': 1.998, 'eval_samples_per_second': 504.495, 'eval_steps_per_second': 63.062, 'epoch': 10.0}

Test results:
{'eval_loss': 0.4284153878688812, 'eval_accuracy': 0.873015873015873, 'eval_macro_f1': 0.5974390654835449, 'eval_weighted_f1': 0.8432773686059095, 'eval_runtime': 2.0037, 'eval_samples_per_second': 503.081, 'eval_steps_per_second': 62.885, 'epoch': 10.0}

===== ROUND 13 | random_sampling =====
Labeled pool size: 490
Unlabeled pool size: 4214

Starting training...
{'loss': '0.462', 'grad_norm': '1.578', 'learning_rate': '1.803e-05', 'epoch': '1'}
{'eval_loss': '0.395', 'eval_accuracy': '0.869', 'eval_macro_f1': '0.465', 'eval_weighted_f1': '0.8082', 'eval_runtime': '1.999', 'eval_samples_per_second': '504.2', 'eval_steps_per_second': '63.03', 'epoch': '1'}
{'loss': '0.3581', 'grad_norm': '1.075', 'learning_rate': '1.603e-05', 'epoch': '2'}
{'eval_loss': '0.3557', 'eval_accuracy': '0.873', 'eval_macro_f1': '0.4954', 'eval_weighted_f1': '0.8176', 'eval_runtime': '2', 'eval_samples_per_second': '504', 'eval_steps_per_second': '63', 'epoch': '2'}
{'loss': '0.273', 'grad_norm': '35.31', 'learning_rate': '1.403e-05', 'epoch': '3'}
{'eval_loss': '0.3462', 'eval_accuracy': '0.872', 'eval_macro_f1': '0.6124', 'eval_weighted_f1': '0.8465', 'eval_runtime': '2', 'eval_samples_per_second': '503.9', 'eval_steps_per_second': '62.99', 'epoch': '3'}
{'loss': '0.149', 'grad_norm': '4.059', 'learning_rate': '1.203e-05', 'epoch': '4'}
{'eval_loss': '0.4322', 'eval_accuracy': '0.8522', 'eval_macro_f1': '0.6633', 'eval_weighted_f1': '0.8494', 'eval_runtime': '2.002', 'eval_samples_per_second': '503.6', 'eval_steps_per_second': '62.95', 'epoch': '4'}
{'loss': '0.1055', 'grad_norm': '4.007', 'learning_rate': '1.003e-05', 'epoch': '5'}
{'eval_loss': '0.4264', 'eval_accuracy': '0.874', 'eval_macro_f1': '0.646', 'eval_weighted_f1': '0.8557', 'eval_runtime': '2.003', 'eval_samples_per_second': '503.3', 'eval_steps_per_second': '62.91', 'epoch': '5'}
{'loss': '0.05226', 'grad_norm': '0.3575', 'learning_rate': '8.032e-06', 'epoch': '6'}
{'eval_loss': '0.4124', 'eval_accuracy': '0.873', 'eval_macro_f1': '0.6708', 'eval_weighted_f1': '0.8612', 'eval_runtime': '2.003', 'eval_samples_per_second': '503.1', 'eval_steps_per_second': '62.89', 'epoch': '6'}
{'loss': '0.03618', 'grad_norm': '0.2652', 'learning_rate': '6.032e-06', 'epoch': '7'}
{'eval_loss': '0.4357', 'eval_accuracy': '0.874', 'eval_macro_f1': '0.6293', 'eval_weighted_f1': '0.8516', 'eval_runtime': '2.003', 'eval_samples_per_second': '503.3', 'eval_steps_per_second': '62.91', 'epoch': '7'}
{'loss': '0.02202', 'grad_norm': '0.3177', 'learning_rate': '4.032e-06', 'epoch': '8'}
{'eval_loss': '0.4305', 'eval_accuracy': '0.877', 'eval_macro_f1': '0.6676', 'eval_weighted_f1': '0.8623', 'eval_runtime': '2.003', 'eval_samples_per_second': '503.2', 'eval_steps_per_second': '62.9', 'epoch': '8'}
{'train_runtime': '50.19', 'train_samples_per_second': '97.64', 'train_steps_per_second': '12.35', 'train_loss': '0.1823', 'epoch': '8'}

Evaluating on dev set...

Evaluating on test set...

Dev results:
{'eval_loss': 0.4124113917350769, 'eval_accuracy': 0.873015873015873, 'eval_macro_f1': 0.6708269126756539, 'eval_weighted_f1': 0.8612428449454298, 'eval_runtime': 1.998, 'eval_samples_per_second': 504.508, 'eval_steps_per_second': 63.063, 'epoch': 8.0}

Test results:
{'eval_loss': 0.3970525860786438, 'eval_accuracy': 0.878968253968254, 'eval_macro_f1': 0.7028761404051338, 'eval_weighted_f1': 0.8717067235120428, 'eval_runtime': 2.002, 'eval_samples_per_second': 503.485, 'eval_steps_per_second': 62.936, 'epoch': 8.0}

===== ROUND 14 | random_sampling =====
Labeled pool size: 520
Unlabeled pool size: 4184

Starting training...
{'loss': '0.4633', 'grad_norm': '3.797', 'learning_rate': '1.803e-05', 'epoch': '1'}
{'eval_loss': '0.378', 'eval_accuracy': '0.869', 'eval_macro_f1': '0.465', 'eval_weighted_f1': '0.8082', 'eval_runtime': '1.999', 'eval_samples_per_second': '504.3', 'eval_steps_per_second': '63.04', 'epoch': '1'}
{'loss': '0.3636', 'grad_norm': '4.965', 'learning_rate': '1.603e-05', 'epoch': '2'}
{'eval_loss': '0.3203', 'eval_accuracy': '0.8651', 'eval_macro_f1': '0.6192', 'eval_weighted_f1': '0.845', 'eval_runtime': '2.001', 'eval_samples_per_second': '503.7', 'eval_steps_per_second': '62.96', 'epoch': '2'}
{'loss': '0.2576', 'grad_norm': '6.218', 'learning_rate': '1.403e-05', 'epoch': '3'}
{'eval_loss': '0.3955', 'eval_accuracy': '0.8661', 'eval_macro_f1': '0.5903', 'eval_weighted_f1': '0.8384', 'eval_runtime': '2.006', 'eval_samples_per_second': '502.6', 'eval_steps_per_second': '62.83', 'epoch': '3'}
{'loss': '0.1727', 'grad_norm': '8.861', 'learning_rate': '1.203e-05', 'epoch': '4'}
{'eval_loss': '0.4183', 'eval_accuracy': '0.8562', 'eval_macro_f1': '0.6745', 'eval_weighted_f1': '0.854', 'eval_runtime': '2.006', 'eval_samples_per_second': '502.5', 'eval_steps_per_second': '62.82', 'epoch': '4'}
