Running method: src/active_learning/active_learning_group_entropy_sampling.py
CUDA: True
NVIDIA A40

===== ROUND 0 | actor_group_entropy =====
Labeled pool size: 100
Unlabeled pool size: 4604

Starting training...
{'loss': '0.5466', 'grad_norm': '4.259', 'learning_rate': '1.815e-05', 'epoch': '1'}
{'eval_loss': '0.3964', 'eval_accuracy': '0.869', 'eval_macro_f1': '0.465', 'eval_weighted_f1': '0.8082', 'eval_runtime': '1.937', 'eval_samples_per_second': '520.4', 'eval_steps_per_second': '65.06', 'epoch': '1'}
{'loss': '0.2526', 'grad_norm': '1.617', 'learning_rate': '1.615e-05', 'epoch': '2'}
{'eval_loss': '0.4409', 'eval_accuracy': '0.869', 'eval_macro_f1': '0.465', 'eval_weighted_f1': '0.8082', 'eval_runtime': '1.963', 'eval_samples_per_second': '513.6', 'eval_steps_per_second': '64.2', 'epoch': '2'}
{'loss': '0.2413', 'grad_norm': '11.63', 'learning_rate': '1.415e-05', 'epoch': '3'}
{'eval_loss': '0.4588', 'eval_accuracy': '0.869', 'eval_macro_f1': '0.465', 'eval_weighted_f1': '0.8082', 'eval_runtime': '1.923', 'eval_samples_per_second': '524.2', 'eval_steps_per_second': '65.53', 'epoch': '3'}
{'train_runtime': '12.14', 'train_samples_per_second': '82.36', 'train_steps_per_second': '10.71', 'train_loss': '0.3468', 'epoch': '3'}

Evaluating on dev set...

Evaluating on test set...

Dev results:
{'eval_loss': 0.3964475095272064, 'eval_accuracy': 0.8690476190476191, 'eval_macro_f1': 0.46496815286624205, 'eval_weighted_f1': 0.8081589323627539, 'eval_runtime': 1.9265, 'eval_samples_per_second': 523.225, 'eval_steps_per_second': 65.403, 'epoch': 3.0}

Test results:
{'eval_loss': 0.3902244567871094, 'eval_accuracy': 0.8690476190476191, 'eval_macro_f1': 0.46496815286624205, 'eval_weighted_f1': 0.8081589323627539, 'eval_runtime': 1.9298, 'eval_samples_per_second': 522.337, 'eval_steps_per_second': 65.292, 'epoch': 3.0}
