Running method: src/active_learning/active_learning_mixed_entropy_sampling.py
CUDA: True
NVIDIA H200

===== ROUND 0 | actor_mixed_entropy =====
Labeled pool size: 100
Unlabeled pool size: 4604

Starting training...
{'loss': '0.5457', 'grad_norm': '4.632', 'learning_rate': '1.815e-05', 'epoch': '1'}
{'eval_loss': '0.3908', 'eval_accuracy': '0.869', 'eval_macro_f1': '0.465', 'eval_weighted_f1': '0.8082', 'eval_runtime': '1.087', 'eval_samples_per_second': '927.3', 'eval_steps_per_second': '115.9', 'epoch': '1'}
{'loss': '0.2822', 'grad_norm': '1.924', 'learning_rate': '1.615e-05', 'epoch': '2'}
{'eval_loss': '0.4349', 'eval_accuracy': '0.869', 'eval_macro_f1': '0.465', 'eval_weighted_f1': '0.8082', 'eval_runtime': '1.071', 'eval_samples_per_second': '940.8', 'eval_steps_per_second': '117.6', 'epoch': '2'}
{'loss': '0.2559', 'grad_norm': '9.014', 'learning_rate': '1.415e-05', 'epoch': '3'}
{'eval_loss': '0.4505', 'eval_accuracy': '0.869', 'eval_macro_f1': '0.465', 'eval_weighted_f1': '0.8082', 'eval_runtime': '1.063', 'eval_samples_per_second': '948.4', 'eval_steps_per_second': '118.5', 'epoch': '3'}
{'train_runtime': '10.99', 'train_samples_per_second': '90.98', 'train_steps_per_second': '11.83', 'train_loss': '0.3613', 'epoch': '3'}

Evaluating on dev set...

Evaluating on test set...

Dev results:
{'eval_loss': 0.39083197712898254, 'eval_accuracy': 0.8690476190476191, 'eval_macro_f1': 0.46496815286624205, 'eval_weighted_f1': 0.8081589323627539, 'eval_runtime': 1.0685, 'eval_samples_per_second': 943.382, 'eval_steps_per_second': 117.923, 'epoch': 3.0}

Test results:
{'eval_loss': 0.3900153636932373, 'eval_accuracy': 0.8690476190476191, 'eval_macro_f1': 0.46496815286624205, 'eval_weighted_f1': 0.8081589323627539, 'eval_runtime': 1.0622, 'eval_samples_per_second': 948.988, 'eval_steps_per_second': 118.624, 'epoch': 3.0}

===== ROUND 1 | actor_mixed_entropy =====
Labeled pool size: 130
Unlabeled pool size: 4574

Starting training...
{'loss': '0.4989', 'grad_norm': '6.878', 'learning_rate': '1.812e-05', 'epoch': '1'}
{'eval_loss': '0.4085', 'eval_accuracy': '0.869', 'eval_macro_f1': '0.465', 'eval_weighted_f1': '0.8082', 'eval_runtime': '1.061', 'eval_samples_per_second': '950.3', 'eval_steps_per_second': '118.8', 'epoch': '1'}
{'loss': '0.3122', 'grad_norm': '3.212', 'learning_rate': '1.612e-05', 'epoch': '2'}
{'eval_loss': '0.4178', 'eval_accuracy': '0.869', 'eval_macro_f1': '0.465', 'eval_weighted_f1': '0.8082', 'eval_runtime': '1.06', 'eval_samples_per_second': '950.7', 'eval_steps_per_second': '118.8', 'epoch': '2'}
{'loss': '0.2743', 'grad_norm': '3.646', 'learning_rate': '1.412e-05', 'epoch': '3'}
{'eval_loss': '0.4004', 'eval_accuracy': '0.869', 'eval_macro_f1': '0.465', 'eval_weighted_f1': '0.8082', 'eval_runtime': '1.061', 'eval_samples_per_second': '950.1', 'eval_steps_per_second': '118.8', 'epoch': '3'}
{'train_runtime': '6.271', 'train_samples_per_second': '207.3', 'train_steps_per_second': '27.11', 'train_loss': '0.3618', 'epoch': '3'}

Evaluating on dev set...

Evaluating on test set...

Dev results:
{'eval_loss': 0.40851902961730957, 'eval_accuracy': 0.8690476190476191, 'eval_macro_f1': 0.46496815286624205, 'eval_weighted_f1': 0.8081589323627539, 'eval_runtime': 1.0614, 'eval_samples_per_second': 949.661, 'eval_steps_per_second': 118.708, 'epoch': 3.0}

Test results:
{'eval_loss': 0.40716612339019775, 'eval_accuracy': 0.8690476190476191, 'eval_macro_f1': 0.46496815286624205, 'eval_weighted_f1': 0.8081589323627539, 'eval_runtime': 1.0611, 'eval_samples_per_second': 949.973, 'eval_steps_per_second': 118.747, 'epoch': 3.0}

===== ROUND 2 | actor_mixed_entropy =====
Labeled pool size: 160
Unlabeled pool size: 4544

Starting training...
{'loss': '0.4921', 'grad_norm': '2.487', 'learning_rate': '1.81e-05', 'epoch': '1'}
{'eval_loss': '0.3892', 'eval_accuracy': '0.869', 'eval_macro_f1': '0.465', 'eval_weighted_f1': '0.8082', 'eval_runtime': '1.061', 'eval_samples_per_second': '949.9', 'eval_steps_per_second': '118.7', 'epoch': '1'}
{'loss': '0.3572', 'grad_norm': '6.063', 'learning_rate': '1.61e-05', 'epoch': '2'}
{'eval_loss': '0.4257', 'eval_accuracy': '0.869', 'eval_macro_f1': '0.465', 'eval_weighted_f1': '0.8082', 'eval_runtime': '1.063', 'eval_samples_per_second': '948.4', 'eval_steps_per_second': '118.6', 'epoch': '2'}
{'loss': '0.2654', 'grad_norm': '5.238', 'learning_rate': '1.41e-05', 'epoch': '3'}
{'eval_loss': '0.4094', 'eval_accuracy': '0.869', 'eval_macro_f1': '0.4724', 'eval_weighted_f1': '0.81', 'eval_runtime': '1.061', 'eval_samples_per_second': '949.8', 'eval_steps_per_second': '118.7', 'epoch': '3'}
{'loss': '0.2007', 'grad_norm': '2.325', 'learning_rate': '1.21e-05', 'epoch': '4'}
{'eval_loss': '0.4022', 'eval_accuracy': '0.8681', 'eval_macro_f1': '0.4862', 'eval_weighted_f1': '0.8131', 'eval_runtime': '1.063', 'eval_samples_per_second': '948.6', 'eval_steps_per_second': '118.6', 'epoch': '4'}
{'loss': '0.1401', 'grad_norm': '7.106', 'learning_rate': '1.01e-05', 'epoch': '5'}
{'eval_loss': '0.4007', 'eval_accuracy': '0.8631', 'eval_macro_f1': '0.509', 'eval_weighted_f1': '0.8168', 'eval_runtime': '1.061', 'eval_samples_per_second': '950', 'eval_steps_per_second': '118.8', 'epoch': '5'}
{'loss': '0.09124', 'grad_norm': '4.633', 'learning_rate': '8.1e-06', 'epoch': '6'}
{'eval_loss': '0.4304', 'eval_accuracy': '0.8681', 'eval_macro_f1': '0.4929', 'eval_weighted_f1': '0.8148', 'eval_runtime': '1.064', 'eval_samples_per_second': '947.3', 'eval_steps_per_second': '118.4', 'epoch': '6'}
{'loss': '0.06772', 'grad_norm': '0.4267', 'learning_rate': '6.1e-06', 'epoch': '7'}
{'eval_loss': '0.4389', 'eval_accuracy': '0.8661', 'eval_macro_f1': '0.5282', 'eval_weighted_f1': '0.8229', 'eval_runtime': '1.061', 'eval_samples_per_second': '949.9', 'eval_steps_per_second': '118.7', 'epoch': '7'}
{'loss': '0.04777', 'grad_norm': '0.3929', 'learning_rate': '4.1e-06', 'epoch': '8'}
{'eval_loss': '0.4536', 'eval_accuracy': '0.8681', 'eval_macro_f1': '0.5181', 'eval_weighted_f1': '0.8212', 'eval_runtime': '1.062', 'eval_samples_per_second': '949.6', 'eval_steps_per_second': '118.7', 'epoch': '8'}
{'loss': '0.03854', 'grad_norm': '0.5743', 'learning_rate': '2.1e-06', 'epoch': '9'}
{'eval_loss': '0.453', 'eval_accuracy': '0.8661', 'eval_macro_f1': '0.5282', 'eval_weighted_f1': '0.8229', 'eval_runtime': '1.063', 'eval_samples_per_second': '948.2', 'eval_steps_per_second': '118.5', 'epoch': '9'}
{'train_runtime': '19.86', 'train_samples_per_second': '80.56', 'train_steps_per_second': '10.07', 'train_loss': '0.189', 'epoch': '9'}

Evaluating on dev set...

Evaluating on test set...

Dev results:
{'eval_loss': 0.4388542175292969, 'eval_accuracy': 0.8660714285714286, 'eval_macro_f1': 0.5282453068936229, 'eval_weighted_f1': 0.8229025572198684, 'eval_runtime': 1.0617, 'eval_samples_per_second': 949.444, 'eval_steps_per_second': 118.681, 'epoch': 9.0}

Test results:
{'eval_loss': 0.45135629177093506, 'eval_accuracy': 0.8660714285714286, 'eval_macro_f1': 0.48527659574468085, 'eval_weighted_f1': 0.812048632218845, 'eval_runtime': 1.0611, 'eval_samples_per_second': 949.942, 'eval_steps_per_second': 118.743, 'epoch': 9.0}

===== ROUND 3 | actor_mixed_entropy =====
Labeled pool size: 190
Unlabeled pool size: 4514

Starting training...
{'loss': '0.559', 'grad_norm': '9.368', 'learning_rate': '1.808e-05', 'epoch': '1'}
{'eval_loss': '0.3879', 'eval_accuracy': '0.8403', 'eval_macro_f1': '0.5774', 'eval_weighted_f1': '0.8234', 'eval_runtime': '1.063', 'eval_samples_per_second': '948.1', 'eval_steps_per_second': '118.5', 'epoch': '1'}
{'loss': '0.3995', 'grad_norm': '12.14', 'learning_rate': '1.608e-05', 'epoch': '2'}
{'eval_loss': '0.3933', 'eval_accuracy': '0.869', 'eval_macro_f1': '0.465', 'eval_weighted_f1': '0.8082', 'eval_runtime': '1.064', 'eval_samples_per_second': '947.2', 'eval_steps_per_second': '118.4', 'epoch': '2'}
{'loss': '0.3116', 'grad_norm': '3.274', 'learning_rate': '1.408e-05', 'epoch': '3'}
{'eval_loss': '0.4126', 'eval_accuracy': '0.8681', 'eval_macro_f1': '0.4929', 'eval_weighted_f1': '0.8148', 'eval_runtime': '1.063', 'eval_samples_per_second': '948.4', 'eval_steps_per_second': '118.6', 'epoch': '3'}
{'train_runtime': '7.046', 'train_samples_per_second': '269.6', 'train_steps_per_second': '34.06', 'train_loss': '0.4234', 'epoch': '3'}

Evaluating on dev set...

Evaluating on test set...

Dev results:
{'eval_loss': 0.3878626823425293, 'eval_accuracy': 0.8402777777777778, 'eval_macro_f1': 0.5774179184926531, 'eval_weighted_f1': 0.8234150698236378, 'eval_runtime': 1.066, 'eval_samples_per_second': 945.615, 'eval_steps_per_second': 118.202, 'epoch': 3.0}

Test results:
{'eval_loss': 0.38775691390037537, 'eval_accuracy': 0.8412698412698413, 'eval_macro_f1': 0.5636930268796261, 'eval_weighted_f1': 0.8205551536287805, 'eval_runtime': 1.0649, 'eval_samples_per_second': 946.525, 'eval_steps_per_second': 118.316, 'epoch': 3.0}

===== ROUND 4 | actor_mixed_entropy =====
Labeled pool size: 220
Unlabeled pool size: 4484

Starting training...
{'loss': '0.5746', 'grad_norm': '6.142', 'learning_rate': '1.807e-05', 'epoch': '1'}
{'eval_loss': '0.371', 'eval_accuracy': '0.869', 'eval_macro_f1': '0.465', 'eval_weighted_f1': '0.8082', 'eval_runtime': '1.063', 'eval_samples_per_second': '947.8', 'eval_steps_per_second': '118.5', 'epoch': '1'}
