Traceback (most recent call last):
  File "/gpfs/bwfor/home/tu/tu_tu/tu_zxope51/ACTORrep/src/active_learning/active_learning_vote_variance_sampling.py", line 9, in <module>
    run_active_learning(
    ~~~~~~~~~~~~~~~~~~~^
        method_name="actor_vote_variance",
        ^^^^^^^^^^^^^^^^^^^^^^^^^^^^^^^^^^
    ...<8 lines>...
        include_annotator=True,
        ^^^^^^^^^^^^^^^^^^^^^^^
    )
    ^
  File "/gpfs/bwfor/home/tu/tu_tu/tu_zxope51/ACTORrep/src/active_learning/run_active_learning.py", line 63, in run_active_learning
    train_df = pd.read_csv(train_path)
  File "/gpfs/bwfor/home/tu/tu_tu/tu_zxope51/ACTORrep/venv/lib/python3.13/site-packages/pandas/io/parsers/readers.py", line 873, in read_csv
    return _read(filepath_or_buffer, kwds)
  File "/gpfs/bwfor/home/tu/tu_tu/tu_zxope51/ACTORrep/venv/lib/python3.13/site-packages/pandas/io/parsers/readers.py", line 300, in _read
    parser = TextFileReader(filepath_or_buffer, **kwds)
  File "/gpfs/bwfor/home/tu/tu_tu/tu_zxope51/ACTORrep/venv/lib/python3.13/site-packages/pandas/io/parsers/readers.py", line 1645, in __init__
    self._engine = self._make_engine(f, self.engine)
                   ~~~~~~~~~~~~~~~~~^^^^^^^^^^^^^^^^
  File "/gpfs/bwfor/home/tu/tu_tu/tu_zxope51/ACTORrep/venv/lib/python3.13/site-packages/pandas/io/parsers/readers.py", line 1904, in _make_engine
    self.handles = get_handle(
                   ~~~~~~~~~~^
        f,
        ^^
    ...<6 lines>...
        storage_options=self.options.get("storage_options", None),
        ^^^^^^^^^^^^^^^^^^^^^^^^^^^^^^^^^^^^^^^^^^^^^^^^^^^^^^^^^^
    )
    ^
  File "/gpfs/bwfor/home/tu/tu_tu/tu_zxope51/ACTORrep/venv/lib/python3.13/site-packages/pandas/io/common.py", line 926, in get_handle
    handle = open(
        handle,
    ...<3 lines>...
        newline="",
    )
FileNotFoundError: [Errno 2] No such file or directory: '../../data/HS-Brexit_dataset_processed/HS-brexit_train_annotations.csv'
